[15:57:20.737] SCROLL   scrollTop=356  isProg=false
[15:57:20.753] SCROLL   scrollTop=359  isProg=false
[15:57:20.770] SCROLL   scrollTop=363  isProg=false
[15:57:20.771] REGION   metropolitana → ohiggins
[15:57:20.796] SCROLL   scrollTop=367  isProg=false
[15:57:20.823] SCROLL   scrollTop=371  isProg=false
[15:57:20.870] SCROLL   scrollTop=374  isProg=false
[15:57:21.983] SCROLL   scrollTop=387  isProg=false
[15:57:22.002] SCROLL   scrollTop=398  isProg=false
[15:57:22.002] REGION   ohiggins → maule
[15:57:22.019] SCROLL   scrollTop=410  isProg=false
[15:57:22.038] SCROLL   scrollTop=422  isProg=false
[15:57:22.038] REGION   maule → nuble
[15:57:22.068] SCROLL   scrollTop=428  isProg=false
[15:57:22.084] SCROLL   scrollTop=433  isProg=false
[15:57:22.134] SCROLL   scrollTop=436  isProg=false
[15:57:22.234] SCROLL   scrollTop=439  isProg=false
[15:57:22.300] SCROLL   scrollTop=442  isProg=false
[15:57:22.350] SCROLL   scrollTop=446  isProg=false
[15:57:22.383] REGION   nuble → biobio
[15:57:22.433] SCROLL   scrollTop=451  isProg=false
[15:57:22.467] SCROLL   scrollTop=458  isProg=false
[15:57:22.484] SCROLL   scrollTop=468  isProg=false
[15:57:22.500] SCROLL   scrollTop=477  isProg=false
[15:57:22.501] REGION   biobio → araucania
[15:57:22.516] SCROLL   scrollTop=489  isProg=false
[15:57:22.534] SCROLL   scrollTop=519  isProg=false
[15:57:22.535] REGION   araucania → losrios
[15:57:22.550] SCROLL   scrollTop=544  isProg=false
[15:57:22.566] SCROLL   scrollTop=576  isProg=false
[15:57:22.566] REGION   losrios → loslagos
[15:57:22.584] SCROLL   scrollTop=592  isProg=false
[15:57:22.600] SCROLL   scrollTop=608  isProg=false
[15:57:22.616] SCROLL   scrollTop=627  isProg=false
[15:57:22.633] SCROLL   scrollTop=634  isProg=false
[15:57:22.650] SCROLL   scrollTop=643  isProg=false
[15:57:22.682] SCROLL   scrollTop=648  isProg=false
[15:57:22.716] SCROLL   scrollTop=653  isProg=false
[15:57:22.833] SCROLL   scrollTop=657  isProg=false
[15:57:23.082] SCROLL   scrollTop=665  isProg=false
[15:57:23.083] REGION   loslagos → aysen
[15:57:23.100] SCROLL   scrollTop=694  isProg=false
[15:57:23.121] SCROLL   scrollTop=759  isProg=false
[15:57:23.134] SCROLL   scrollTop=796  isProg=false
[15:57:23.152] SCROLL   scrollTop=853  isProg=false
[15:57:23.152] REGION   aysen → magallanes
[15:57:23.168] SCROLL   scrollTop=884  isProg=false
[15:57:23.185] SCROLL   scrollTop=911  isProg=false
[15:57:23.201] SCROLL   scrollTop=920  isProg=false
[15:57:23.218] SCROLL   scrollTop=923  isProg=false
[15:57:23.234] SCROLL   scrollTop=929  isProg=false
[15:57:23.251] SCROLL   scrollTop=933  isProg=false
[15:57:23.317] SCROLL   scrollTop=936  isProg=false
[15:57:23.547] SCROLL   scrollTop=909  isProg=false
[15:57:23.565] SCROLL   scrollTop=863  isProg=false
[15:57:23.581] SCROLL   scrollTop=802  isProg=false
[15:57:23.582] REGION   magallanes → aysen
[15:57:23.599] SCROLL   scrollTop=733  isProg=false
[15:57:23.635] SCROLL   scrollTop=553  isProg=false
[15:57:23.635] REGION   aysen → losrios
[15:57:23.651] SCROLL   scrollTop=495  isProg=false
[15:57:23.651] REGION   losrios → araucania
[15:57:23.667] SCROLL   scrollTop=416  isProg=false
[15:57:23.667] REGION   araucania → maule
[15:57:23.684] SCROLL   scrollTop=374  isProg=false
[15:57:23.684] REGION   maule → ohiggins
[15:57:23.701] SCROLL   scrollTop=309  isProg=false
[15:57:23.701] REGION   ohiggins → valparaiso
[15:57:23.716] SCROLL   scrollTop=270  isProg=false
[15:57:23.717] REGION   valparaiso → coquimbo
[15:57:23.731] SCROLL   scrollTop=235  isProg=false
[15:57:23.748] SCROLL   scrollTop=205  isProg=false
[15:57:23.748] REGION   coquimbo → atacama
[15:57:23.764] SCROLL   scrollTop=163  isProg=false
[15:57:23.780] SCROLL   scrollTop=137  isProg=false
[15:57:23.781] REGION   atacama → antofagasta
[15:57:23.797] SCROLL   scrollTop=109  isProg=false
[15:57:23.813] SCROLL   scrollTop=79  isProg=false
[15:57:23.830] SCROLL   scrollTop=64  isProg=false
[15:57:23.847] SCROLL   scrollTop=34  isProg=false
[15:57:23.848] REGION   antofagasta → tarapaca
[15:57:23.864] SCROLL   scrollTop=17  isProg=false
[15:57:23.880] SCROLL   scrollTop=1  isProg=false
[15:57:23.880] REGION   tarapaca → arica
[15:59:26.794] SCROLL   scrollTop=357  isProg=false
[15:59:26.810] SCROLL   scrollTop=364  isProg=false
[15:59:26.812] REGION   metropolitana → ohiggins
[15:59:26.827] SCROLL   scrollTop=369  isProg=false
[15:59:26.846] SCROLL   scrollTop=376  isProg=false
[15:59:26.878] SCROLL   scrollTop=383  isProg=false
[15:59:26.893] SCROLL   scrollTop=387  isProg=false
[15:59:26.927] SCROLL   scrollTop=394  isProg=false
[15:59:26.928] REGION   ohiggins → maule
[15:59:26.945] SCROLL   scrollTop=397  isProg=false
[15:59:26.995] SCROLL   scrollTop=401  isProg=false
[15:59:27.227] SCROLL   scrollTop=398  isProg=false
[15:59:27.260] SCROLL   scrollTop=395  isProg=false
[15:59:27.494] SCROLL   scrollTop=398  isProg=false
[15:59:27.509] SCROLL   scrollTop=402  isProg=false
[15:59:27.542] SCROLL   scrollTop=408  isProg=false
[15:59:27.560] SCROLL   scrollTop=413  isProg=false
[15:59:27.592] SCROLL   scrollTop=420  isProg=false
[15:59:27.593] REGION   maule → nuble
[15:59:27.626] SCROLL   scrollTop=426  isProg=false
[15:59:27.643] SCROLL   scrollTop=431  isProg=false
[15:59:27.661] SCROLL   scrollTop=434  isProg=false
[15:59:27.676] SCROLL   scrollTop=438  isProg=false
[15:59:27.693] SCROLL   scrollTop=441  isProg=false
[15:59:27.710] SCROLL   scrollTop=445  isProg=false
[15:59:27.726] SCROLL   scrollTop=449  isProg=false
[15:59:27.726] REGION   nuble → biobio
[15:59:27.760] SCROLL   scrollTop=454  isProg=false
[15:59:27.792] SCROLL   scrollTop=457  isProg=false
[15:59:27.826] SCROLL   scrollTop=461  isProg=false
[15:59:27.860] SCROLL   scrollTop=465  isProg=false
[15:59:28.590] SCROLL   scrollTop=468  isProg=false
[15:59:28.706] SCROLL   scrollTop=464  isProg=false
[15:59:28.723] SCROLL   scrollTop=461  isProg=false
[15:59:28.741] SCROLL   scrollTop=458  isProg=false
[15:59:28.757] SCROLL   scrollTop=453  isProg=false
[15:59:28.773] SCROLL   scrollTop=446  isProg=false
[15:59:28.774] REGION   biobio → nuble
[15:59:28.808] SCROLL   scrollTop=439  isProg=false
[15:59:28.841] SCROLL   scrollTop=435  isProg=false
[15:59:28.857] SCROLL   scrollTop=432  isProg=false
